2026-07-20 19:25:44 | INFO | ML | === RUN START ===
2026-07-20 19:25:44 | INFO | ML | project=ML
2026-07-20 19:25:44 | INFO | ML | repo_dir=ml-04-regression
2026-07-20 19:25:44 | INFO | ML | python=3.14.2
2026-07-20 19:25:44 | INFO | ML | os=Windows 11
2026-07-20 19:25:44 | INFO | ML | shell=powershell
2026-07-20 19:25:44 | INFO | ML | cwd=.
2026-07-20 19:25:44 | INFO | ML | github_actions=False
2026-07-20 19:25:44 | INFO | ML | === RUN START ===
2026-07-20 19:25:44 | INFO | ML | project=ML
2026-07-20 19:25:44 | INFO | ML | repo_dir=ml-04-regression
2026-07-20 19:25:44 | INFO | ML | python=3.14.2
2026-07-20 19:25:44 | INFO | ML | os=Windows 11
2026-07-20 19:25:44 | INFO | ML | shell=powershell
2026-07-20 19:25:44 | INFO | ML | cwd=.
2026-07-20 19:25:44 | INFO | ML | github_actions=False
2026-07-20 19:25:44 | INFO | ML | ========================
2026-07-20 19:25:44 | INFO | ML | START main()
2026-07-20 19:25:44 | INFO | ML | ========================
2026-07-20 19:25:44 | INFO | ML | Load dataset..............
2026-07-20 19:25:44 | INFO | ML | Loading dataset: hours_scores_case
2026-07-20 19:25:44 | INFO | ML | Loaded: 10 rows, 6 columns
2026-07-20 19:25:44 | DEBUG | ML | 
   hours_studied  practice_quizzes  attendance_pct  sleep_hours  prior_score  score
0            2.0                 1              72          6.0           58     62
1            3.5                 2              80          6.5           61     68
2            4.0                 3              85          7.0           64     72
3            5.0                 3              88          7.5           66     76
4            6.0                 4              90          7.0           70     81
2026-07-20 19:25:44 | INFO | ML | Inspect dataset...........
2026-07-20 19:25:44 | INFO | ML | Column names
2026-07-20 19:25:44 | DEBUG | ML | ['hours_studied', 'practice_quizzes', 'attendance_pct', 'sleep_hours', 'prior_score', 'score']
2026-07-20 19:25:44 | INFO | ML | DataFrame info
2026-07-20 19:25:44 | INFO | ML | Dataset shape: 10 rows, 6 columns
2026-07-20 19:25:44 | INFO | ML | Check data quality........
2026-07-20 19:25:44 | INFO | ML | Missing values by column
2026-07-20 19:25:44 | DEBUG | ML | 
hours_studied       0
practice_quizzes    0
attendance_pct      0
sleep_hours         0
prior_score         0
score               0
dtype: int64
2026-07-20 19:25:44 | INFO | ML | Duplicate row count: 0
2026-07-20 19:25:44 | INFO | ML | Create clean view.........
2026-07-20 19:25:44 | INFO | ML | Creating clean modeling view
2026-07-20 19:25:44 | INFO | ML | Clean view: 10 rows, 6 columns
2026-07-20 19:25:44 | INFO | ML | Train supervised model....
2026-07-20 19:25:44 | INFO | ML | Training LinearRegression model
2026-07-20 19:25:44 | INFO | ML | Mean absolute error: 0.48
2026-07-20 19:25:44 | INFO | ML | R-squared: 1.00
2026-07-20 19:25:44 | INFO | ML | Predict one case..........
2026-07-20 19:25:44 | INFO | ML | Predicting one new case
2026-07-20 19:25:44 | INFO | ML | New case:
   hours_studied  practice_quizzes  attendance_pct  sleep_hours  prior_score
0            6.5                 4              92          7.0           72
2026-07-20 19:25:44 | INFO | ML | Predicted score: 83.4
2026-07-20 19:25:44 | INFO | ML | Create charts.............
2026-07-20 19:25:44 | INFO | ML | Creating chart: hours studied vs score
2026-07-20 19:25:45 | INFO | ML | Creating chart: model coefficients
2026-07-20 19:25:45 | INFO | ML | Got a figure Figure(900x500) and axes Axes(0.125,0.11;0.775x0.77) from plt.subplots().
2026-07-20 19:25:45 | INFO | ML | Summarize workflow........
2026-07-20 19:25:45 | INFO | ML | ========================
2026-07-20 19:25:45 | INFO | ML | SUMMARY
2026-07-20 19:25:45 | INFO | ML | ========================
2026-07-20 19:25:45 | INFO | ML | Dataset: hours_scores_case
2026-07-20 19:25:45 | INFO | ML | Original rows: 10
2026-07-20 19:25:45 | INFO | ML | Clean rows: 10
2026-07-20 19:25:45 | INFO | ML | Features: ['hours_studied', 'practice_quizzes', 'attendance_pct', 'sleep_hours', 'prior_score']
2026-07-20 19:25:45 | INFO | ML | Target: score
2026-07-20 19:25:45 | INFO | ML | ----- in a script, call plt.show() once at the end to display all charts -----
2026-07-20 19:25:45 | INFO | ML | ----- in a script, CLOSE the chart windows with the close button to CONTINUE -----
2026-07-20 19:25:52 | INFO | ML | Workflow complete
2026-07-20 19:25:52 | INFO | ML | IMPORTANT: This script creates chart windows.
2026-07-20 19:25:52 | INFO | ML | Close chart windows and terminate this process with CTRL+c as needed.
2026-07-20 19:25:52 | INFO | ML | ========================
2026-07-20 19:25:52 | INFO | ML | Executed successfully!
2026-07-20 19:25:52 | INFO | ML | ========================
2026-07-20 19:27:44 | INFO | M04 | === RUN START ===
2026-07-20 19:27:44 | INFO | M04 | project=M04
2026-07-20 19:27:44 | INFO | M04 | repo_dir=ml-04-regression
2026-07-20 19:27:44 | INFO | M04 | python=3.14.2
2026-07-20 19:27:44 | INFO | M04 | os=Windows 11
2026-07-20 19:27:44 | INFO | M04 | shell=powershell
2026-07-20 19:27:44 | INFO | M04 | cwd=notebooks
2026-07-20 19:27:44 | INFO | M04 | github_actions=False
2026-07-20 19:27:44 | INFO | M04 | Confirming installation:
2026-07-20 19:27:44 | INFO | M04 |   python:       3.14.2
2026-07-20 19:27:44 | INFO | M04 |   pandas:       3.0.3
2026-07-20 19:27:44 | INFO | M04 |   numpy:        2.5.1
2026-07-20 19:27:44 | INFO | M04 |   scikit-learn: 1.9.0
2026-07-20 19:27:44 | INFO | M04 |   seaborn:      0.13.2
2026-07-20 19:27:44 | INFO | M04 |   matplotlib:   3.11.1
2026-07-20 19:27:44 | INFO | M04 | Loading dataset: penguins
2026-07-20 19:27:44 | INFO | M04 | Loaded: 344 rows (instances), 7 columns
2026-07-20 19:27:44 | INFO | M04 | Original rows: 344  Model rows: 342
2026-07-20 19:27:44 | INFO | M04 | Train instances: 273
2026-07-20 19:27:44 | INFO | M04 | Test instances: 69
2026-07-20 19:27:44 | INFO | M04 | Fitting a linear regression (scikit-learn)
2026-07-20 19:27:44 | INFO | M04 | Fitted line: body_mass_g = 48.8297 * flipper_length_mm + -5614.07
2026-07-20 19:27:45 | INFO | M04 | Fit numbers on the TEST set (for you to interpret):
2026-07-20 19:27:45 | INFO | M04 |   R-squared: 0.7820
2026-07-20 19:27:45 | INFO | M04 |   RMSE:      380.695  (in units of Body mass (g))
2026-07-20 19:27:45 | DEBUG | M04 |   degree= 1  train RMSE=396.474  test RMSE=380.695
2026-07-20 19:27:45 | DEBUG | M04 |   degree= 2  train RMSE=378.915  test RMSE=384.983
2026-07-20 19:27:45 | DEBUG | M04 |   degree= 3  train RMSE=373.966  test RMSE=385.441
2026-07-20 19:27:45 | DEBUG | M04 |   degree= 4  train RMSE=371.674  test RMSE=388.38
2026-07-20 19:27:45 | DEBUG | M04 |   degree= 5  train RMSE=371.609  test RMSE=389.321
2026-07-20 19:27:45 | DEBUG | M04 |   degree= 6  train RMSE=371.408  test RMSE=390.954
2026-07-20 19:27:45 | DEBUG | M04 |   degree= 7  train RMSE=370.732  test RMSE=389.535
2026-07-20 19:27:45 | DEBUG | M04 |   degree= 8  train RMSE=370.598  test RMSE=390.561
2026-07-20 19:27:45 | DEBUG | M04 |   degree= 9  train RMSE=370.542  test RMSE=390.554
2026-07-20 19:27:45 | DEBUG | M04 |   degree=10  train RMSE=370.547  test RMSE=390.545
2026-07-20 19:27:45 | INFO | M04 | ========================
2026-07-20 19:27:45 | INFO | M04 | SUMMARY
2026-07-20 19:27:45 | INFO | M04 | ========================
2026-07-20 19:27:45 | INFO | M04 | Dataset:  penguins
2026-07-20 19:27:45 | INFO | M04 | Feature:  flipper_length_mm  ->  Target: body_mass_g  (regression)
2026-07-20 19:27:45 | INFO | M04 | Line:     body_mass_g = 48.8297 * flipper_length_mm + -5614.07
2026-07-20 19:27:45 | INFO | M04 | ========================
2026-07-20 20:23:44 | INFO | ML | === RUN START ===
2026-07-20 20:23:44 | INFO | ML | project=ML
2026-07-20 20:23:44 | INFO | ML | repo_dir=ml-04-regression
2026-07-20 20:23:44 | INFO | ML | python=3.14.2
2026-07-20 20:23:44 | INFO | ML | os=Windows 11
2026-07-20 20:23:44 | INFO | ML | shell=powershell
2026-07-20 20:23:44 | INFO | ML | cwd=.
2026-07-20 20:23:44 | INFO | ML | github_actions=False
2026-07-20 21:13:23 | INFO | ML | === RUN START ===
2026-07-20 21:13:23 | INFO | ML | project=ML
2026-07-20 21:13:23 | INFO | ML | repo_dir=ml-04-regression
2026-07-20 21:13:23 | INFO | ML | python=3.14.2
2026-07-20 21:13:23 | INFO | ML | os=Windows 11
2026-07-20 21:13:23 | INFO | ML | shell=powershell
2026-07-20 21:13:23 | INFO | ML | cwd=.
2026-07-20 21:13:23 | INFO | ML | github_actions=False
2026-07-23 18:58:46 | INFO | ML | === RUN START ===
2026-07-23 18:58:46 | INFO | ML | project=ML
2026-07-23 18:58:46 | INFO | ML | repo_dir=ml-04-regression
2026-07-23 18:58:46 | INFO | ML | python=3.14.2
2026-07-23 18:58:46 | INFO | ML | os=Windows 11
2026-07-23 18:58:46 | INFO | ML | shell=powershell
2026-07-23 18:58:46 | INFO | ML | cwd=.
2026-07-23 18:58:46 | INFO | ML | github_actions=False
2026-07-23 18:59:45 | INFO | ML | === RUN START ===
2026-07-23 18:59:45 | INFO | ML | project=ML
2026-07-23 18:59:45 | INFO | ML | repo_dir=ml-04-regression
2026-07-23 18:59:45 | INFO | ML | python=3.14.2
2026-07-23 18:59:45 | INFO | ML | os=Windows 11
2026-07-23 18:59:45 | INFO | ML | shell=powershell
2026-07-23 18:59:45 | INFO | ML | cwd=.
2026-07-23 18:59:45 | INFO | ML | github_actions=False
2026-07-23 20:26:06 | INFO | M04 Phase 4 | === RUN START ===
2026-07-23 20:26:06 | INFO | M04 Phase 4 | project=M04 Phase 4
2026-07-23 20:26:06 | INFO | M04 Phase 4 | repo_dir=ml-04-regression
2026-07-23 20:26:06 | INFO | M04 Phase 4 | python=3.14.2
2026-07-23 20:26:06 | INFO | M04 Phase 4 | os=Windows 11
2026-07-23 20:26:06 | INFO | M04 Phase 4 | shell=powershell
2026-07-23 20:26:06 | INFO | M04 Phase 4 | cwd=notebooks
2026-07-23 20:26:06 | INFO | M04 Phase 4 | github_actions=False
2026-07-23 20:26:06 | INFO | M04 Phase 4 | Confirming installation:
2026-07-23 20:26:06 | INFO | M04 Phase 4 |   python:       3.14.2
2026-07-23 20:26:06 | INFO | M04 Phase 4 |   pandas:       3.0.3
2026-07-23 20:26:06 | INFO | M04 Phase 4 |   numpy:        2.5.1
2026-07-23 20:26:06 | INFO | M04 Phase 4 |   scikit-learn: 1.9.0
2026-07-23 20:26:06 | INFO | M04 Phase 4 |   seaborn:      0.13.2
2026-07-23 20:26:06 | INFO | M04 Phase 4 |   matplotlib:   3.11.1
2026-07-23 20:34:45 | INFO | M04 Phase 4 | Loading dataset: penguins
2026-07-23 20:34:45 | INFO | M04 Phase 4 | Loaded: 344 rows (instances), 7 columns
2026-07-23 20:34:45 | INFO | M04 Phase 4 | Original rows: 344  Model rows: 342
2026-07-23 20:41:30 | INFO | M04 Phase 4 | X shape: (342, 2)  (rows, features)
2026-07-23 20:41:30 | INFO | M04 Phase 4 | Train instances: 273
2026-07-23 20:41:30 | INFO | M04 Phase 4 | Test instances: 69
2026-07-23 20:59:27 | INFO | M04 Phase 4 | Fitting a linear regression (scikit-learn)
2026-07-23 20:59:27 | INFO | M04 Phase 4 | Fitted model for body_mass_g:
2026-07-23 20:59:27 | INFO | M04 Phase 4 |   47.5233 * flipper_length_mm
2026-07-23 20:59:27 | INFO | M04 Phase 4 |   5.07302 * bill_length_mm
2026-07-23 20:59:27 | INFO | M04 Phase 4 |   intercept: -5574.38
2026-07-23 21:03:54 | INFO | M04 Phase 4 | Fitting a linear regression (scikit-learn)
2026-07-23 21:03:54 | INFO | M04 Phase 4 | Fitted model for body_mass_g:
2026-07-23 21:03:54 | INFO | M04 Phase 4 |   47.5233 * flipper_length_mm
2026-07-23 21:03:54 | INFO | M04 Phase 4 |   5.07302 * bill_length_mm
2026-07-23 21:03:54 | INFO | M04 Phase 4 |   intercept: -5574.38
2026-07-23 21:03:54 | INFO | M04 Phase 4 | Equation: body_mass_g = 47.5233 * flipper_length_mm + 5.07302 * bill_length_mm + -5574.38
2026-07-23 21:07:12 | INFO | M04 Phase 4 | Fit numbers on the TEST set (for you to interpret):
2026-07-23 21:07:12 | INFO | M04 Phase 4 |   R-squared: 0.7838
2026-07-23 21:07:12 | INFO | M04 Phase 4 |   RMSE:      379.113  (in units of Body mass (g))
2026-07-23 21:16:25 | INFO | M04 Phase 4 | Correlation matrix (features and target):
2026-07-23 21:16:25 | INFO | M04 Phase 4 | 
                   flipper_length_mm  bill_length_mm  body_mass_g
flipper_length_mm              1.000           0.656        0.871
bill_length_mm                 0.656           1.000        0.595
body_mass_g                    0.871           0.595        1.000
2026-07-23 21:16:25 | INFO | M04 Phase 4 | corr(bill_length_mm, residuals of flipper_length_mm-only fit): 0.040
2026-07-23 21:27:40 | INFO | M04 Phase 4 | Correlation matrix (features and target):
2026-07-23 21:27:40 | INFO | M04 Phase 4 | 
                   flipper_length_mm  bill_length_mm  body_mass_g
flipper_length_mm              1.000           0.656        0.871
bill_length_mm                 0.656           1.000        0.595
body_mass_g                    0.871           0.595        1.000
2026-07-23 21:35:26 | INFO | M04 Phase 4 | Feature case comparison (test set):
2026-07-23 21:35:26 | INFO | M04 Phase 4 |   Case 1: flipper only     R-squared: 0.7820  RMSE: 380.695
2026-07-23 21:35:26 | INFO | M04 Phase 4 |   Case 2: bill only        R-squared: 0.3662  RMSE: 649.168
2026-07-23 21:35:26 | INFO | M04 Phase 4 |   Case 3: both features    R-squared: 0.7838  RMSE: 379.113
2026-07-23 21:52:52 | INFO | M04 Phase 4 |   degree=1  terms= 2  train RMSE=395.911  test RMSE=379.113
2026-07-23 21:52:52 | INFO | M04 Phase 4 |   degree=2  terms= 5  train RMSE=370.582  test RMSE=376.543
2026-07-23 21:52:52 | INFO | M04 Phase 4 |   degree=3  terms= 9  train RMSE=364.199  test RMSE=370.779
2026-07-23 21:52:52 | INFO | M04 Phase 4 |   degree=4  terms=14  train RMSE=362.655  test RMSE=365.778
2026-07-23 21:52:52 | INFO | M04 Phase 4 |   degree=5  terms=20  train RMSE=363.488  test RMSE=365.441
2026-07-23 22:10:05 | INFO | M04 Phase 4 | ========================
2026-07-23 22:10:05 | INFO | M04 Phase 4 | SUMMARY
2026-07-23 22:10:05 | INFO | M04 Phase 4 | ========================
2026-07-23 22:10:05 | INFO | M04 Phase 4 | Dataset:  penguins
2026-07-23 22:10:05 | INFO | M04 Phase 4 | Features: flipper_length_mm, bill_length_mm  ->  Target: body_mass_g  (regression)
2026-07-23 22:10:05 | INFO | M04 Phase 4 | Equation: body_mass_g = 47.5233 * flipper_length_mm + 5.07302 * bill_length_mm + -5574.38
2026-07-23 22:10:05 | INFO | M04 Phase 4 | Test R-squared: 0.7838   Test RMSE: 379.113
2026-07-23 22:10:05 | INFO | M04 Phase 4 | ========================
2026-07-23 22:21:51 | INFO | M04 Phase 4 | === RUN START ===
2026-07-23 22:21:51 | INFO | M04 Phase 4 | project=M04 Phase 4
2026-07-23 22:21:51 | INFO | M04 Phase 4 | repo_dir=ml-04-regression
2026-07-23 22:21:51 | INFO | M04 Phase 4 | python=3.14.2
2026-07-23 22:21:51 | INFO | M04 Phase 4 | os=Windows 11
2026-07-23 22:21:51 | INFO | M04 Phase 4 | shell=powershell
2026-07-23 22:21:51 | INFO | M04 Phase 4 | cwd=notebooks
2026-07-23 22:21:51 | INFO | M04 Phase 4 | github_actions=False
2026-07-23 22:21:51 | INFO | M04 Phase 4 | Confirming installation:
2026-07-23 22:21:51 | INFO | M04 Phase 4 |   python:       3.14.2
2026-07-23 22:21:51 | INFO | M04 Phase 4 |   pandas:       3.0.3
2026-07-23 22:21:51 | INFO | M04 Phase 4 |   numpy:        2.5.1
2026-07-23 22:21:51 | INFO | M04 Phase 4 |   scikit-learn: 1.9.0
2026-07-23 22:21:51 | INFO | M04 Phase 4 |   seaborn:      0.13.2
2026-07-23 22:21:51 | INFO | M04 Phase 4 |   matplotlib:   3.11.1
2026-07-23 22:21:51 | INFO | M04 Phase 4 | Loading dataset: penguins
2026-07-23 22:21:51 | INFO | M04 Phase 4 | Loaded: 344 rows (instances), 7 columns
2026-07-23 22:21:51 | INFO | M04 Phase 4 | Original rows: 344  Model rows: 342
2026-07-23 22:21:51 | INFO | M04 Phase 4 | X shape: (342, 2)  (rows, features)
2026-07-23 22:21:51 | INFO | M04 Phase 4 | Train instances: 273
2026-07-23 22:21:51 | INFO | M04 Phase 4 | Test instances: 69
2026-07-23 22:21:51 | INFO | M04 Phase 4 | Fitting a linear regression (scikit-learn)
2026-07-23 22:21:51 | INFO | M04 Phase 4 | Fitted model for body_mass_g:
2026-07-23 22:21:51 | INFO | M04 Phase 4 |   47.5233 * flipper_length_mm
2026-07-23 22:21:51 | INFO | M04 Phase 4 |   5.07302 * bill_length_mm
2026-07-23 22:21:51 | INFO | M04 Phase 4 |   intercept: -5574.38
2026-07-23 22:21:51 | INFO | M04 Phase 4 | Equation: body_mass_g = 47.5233 * flipper_length_mm + 5.07302 * bill_length_mm + -5574.38
2026-07-23 22:21:51 | INFO | M04 Phase 4 | Fit numbers on the TEST set (for you to interpret):
2026-07-23 22:21:51 | INFO | M04 Phase 4 |   R-squared: 0.7838
2026-07-23 22:21:51 | INFO | M04 Phase 4 |   RMSE:      379.113  (in units of Body mass (g))
2026-07-23 22:21:51 | INFO | M04 Phase 4 | Feature case comparison (test set):
2026-07-23 22:21:51 | INFO | M04 Phase 4 |   Case 1: flipper only     R-squared: 0.7820  RMSE: 380.695
2026-07-23 22:21:51 | INFO | M04 Phase 4 |   Case 2: bill only        R-squared: 0.3662  RMSE: 649.168
2026-07-23 22:21:51 | INFO | M04 Phase 4 |   Case 3: both features    R-squared: 0.7838  RMSE: 379.113
2026-07-23 22:21:51 | INFO | M04 Phase 4 |   degree=1  terms= 2  train RMSE=395.911  test RMSE=379.113
2026-07-23 22:21:51 | INFO | M04 Phase 4 |   degree=2  terms= 5  train RMSE=370.582  test RMSE=376.543
2026-07-23 22:21:51 | INFO | M04 Phase 4 |   degree=3  terms= 9  train RMSE=364.199  test RMSE=370.779
2026-07-23 22:21:51 | INFO | M04 Phase 4 |   degree=4  terms=14  train RMSE=362.655  test RMSE=365.778
2026-07-23 22:21:51 | INFO | M04 Phase 4 |   degree=5  terms=20  train RMSE=363.488  test RMSE=365.441
2026-07-23 22:21:51 | INFO | M04 Phase 4 | ========================
2026-07-23 22:21:51 | INFO | M04 Phase 4 | SUMMARY
2026-07-23 22:21:51 | INFO | M04 Phase 4 | ========================
2026-07-23 22:21:51 | INFO | M04 Phase 4 | Dataset:  penguins
2026-07-23 22:21:51 | INFO | M04 Phase 4 | Features: flipper_length_mm, bill_length_mm  ->  Target: body_mass_g  (regression)
2026-07-23 22:21:51 | INFO | M04 Phase 4 | Equation: body_mass_g = 47.5233 * flipper_length_mm + 5.07302 * bill_length_mm + -5574.38
2026-07-23 22:21:51 | INFO | M04 Phase 4 | Test R-squared: 0.7838   Test RMSE: 379.113
2026-07-23 22:21:51 | INFO | M04 Phase 4 | ========================
2026-07-23 22:23:40 | INFO | ML | === RUN START ===
2026-07-23 22:23:40 | INFO | ML | project=ML
2026-07-23 22:23:40 | INFO | ML | repo_dir=ml-04-regression
2026-07-23 22:23:40 | INFO | ML | python=3.14.2
2026-07-23 22:23:40 | INFO | ML | os=Windows 11
2026-07-23 22:23:40 | INFO | ML | shell=powershell
2026-07-23 22:23:40 | INFO | ML | cwd=.
2026-07-23 22:23:40 | INFO | ML | github_actions=False
2026-07-24 13:50:22 | INFO | M04 Phase 4 | === RUN START ===
2026-07-24 13:50:22 | INFO | M04 Phase 4 | project=M04 Phase 4
2026-07-24 13:50:22 | INFO | M04 Phase 4 | repo_dir=ml-04-regression
2026-07-24 13:50:22 | INFO | M04 Phase 4 | python=3.14.2
2026-07-24 13:50:22 | INFO | M04 Phase 4 | os=Windows 11
2026-07-24 13:50:22 | INFO | M04 Phase 4 | shell=powershell
2026-07-24 13:50:22 | INFO | M04 Phase 4 | cwd=notebooks
2026-07-24 13:50:22 | INFO | M04 Phase 4 | github_actions=False
2026-07-24 13:50:22 | INFO | M04 Phase 4 | Confirming installation:
2026-07-24 13:50:22 | INFO | M04 Phase 4 |   python:       3.14.2
2026-07-24 13:50:22 | INFO | M04 Phase 4 |   pandas:       3.0.3
2026-07-24 13:50:22 | INFO | M04 Phase 4 |   numpy:        2.5.1
2026-07-24 13:50:22 | INFO | M04 Phase 4 |   scikit-learn: 1.9.0
2026-07-24 13:50:22 | INFO | M04 Phase 4 |   seaborn:      0.13.2
2026-07-24 13:50:22 | INFO | M04 Phase 4 |   matplotlib:   3.11.1
2026-07-24 13:50:27 | INFO | M04 Phase 4 | Loading dataset: penguins
2026-07-24 13:50:27 | INFO | M04 Phase 4 | Loaded: 344 rows (instances), 7 columns
2026-07-24 13:50:27 | INFO | M04 Phase 4 | Original rows: 344  Model rows: 342
2026-07-24 13:50:32 | INFO | M04 Phase 4 | Summary statistics for the features and target:
2026-07-24 13:50:32 | INFO | M04 Phase 4 | 
       flipper_length_mm  bill_length_mm  body_mass_g
count             342.00          342.00       342.00
mean              200.92           43.92      4201.75
std                14.06            5.46       801.95
min               172.00           32.10      2700.00
25%               190.00           39.22      3550.00
50%               197.00           44.45      4050.00
75%               213.00           48.50      4750.00
max               231.00           59.60      6300.00
2026-07-24 14:36:48 | INFO | M04 Phase 4 | X shape: (342, 2)  (rows, features)
2026-07-24 14:36:48 | INFO | M04 Phase 4 | Train instances: 273
2026-07-24 14:36:48 | INFO | M04 Phase 4 | Test instances: 69
2026-07-24 14:36:53 | INFO | M04 Phase 4 | Fitting a linear regression (scikit-learn)
2026-07-24 14:36:53 | INFO | M04 Phase 4 | Fitted model for body_mass_g:
2026-07-24 14:36:53 | INFO | M04 Phase 4 |   47.5233 * flipper_length_mm
2026-07-24 14:36:53 | INFO | M04 Phase 4 |   5.07302 * bill_length_mm
2026-07-24 14:36:53 | INFO | M04 Phase 4 |   intercept: -5574.38
2026-07-24 14:36:53 | INFO | M04 Phase 4 | Equation: body_mass_g = 47.5233 * flipper_length_mm + 5.07302 * bill_length_mm + -5574.38
2026-07-24 14:37:00 | INFO | M04 Phase 4 | Fit numbers on the TEST set (for you to interpret):
2026-07-24 14:37:00 | INFO | M04 Phase 4 |   R-squared: 0.7838
2026-07-24 14:37:00 | INFO | M04 Phase 4 |   RMSE:      379.113  (in units of Body mass (g))
2026-07-24 14:37:47 | INFO | M04 Phase 4 |   degree=1  terms= 2  train RMSE=395.911  test RMSE=379.113
2026-07-24 14:37:47 | INFO | M04 Phase 4 |   degree=2  terms= 5  train RMSE=370.582  test RMSE=376.543
2026-07-24 14:37:47 | INFO | M04 Phase 4 |   degree=3  terms= 9  train RMSE=364.199  test RMSE=370.779
2026-07-24 14:37:47 | INFO | M04 Phase 4 |   degree=4  terms=14  train RMSE=362.655  test RMSE=365.778
2026-07-24 14:37:47 | INFO | M04 Phase 4 |   degree=5  terms=20  train RMSE=363.488  test RMSE=365.441
2026-07-24 14:38:49 | INFO | M04 Phase 4 | Fit numbers on the TEST set (for you to interpret):
2026-07-24 14:38:49 | INFO | M04 Phase 4 |   R-squared: 0.7838
2026-07-24 14:38:49 | INFO | M04 Phase 4 |   RMSE:      379.113  (in units of Body mass (g))
2026-07-24 14:38:49 | INFO | M04 Phase 4 | Feature case comparison (test set):
2026-07-24 14:38:49 | INFO | M04 Phase 4 |   Case 1: flipper only     R-squared: 0.7820  RMSE: 380.695
2026-07-24 14:38:49 | INFO | M04 Phase 4 |   Case 2: bill only        R-squared: 0.3662  RMSE: 649.168
2026-07-24 14:38:49 | INFO | M04 Phase 4 |   Case 3: both features    R-squared: 0.7838  RMSE: 379.113
2026-07-24 14:50:11 | INFO | ML | === RUN START ===
2026-07-24 14:50:11 | INFO | ML | project=ML
2026-07-24 14:50:11 | INFO | ML | repo_dir=ml-04-regression
2026-07-24 14:50:11 | INFO | ML | python=3.14.2
2026-07-24 14:50:11 | INFO | ML | os=Windows 11
2026-07-24 14:50:11 | INFO | ML | shell=powershell
2026-07-24 14:50:11 | INFO | ML | cwd=.
2026-07-24 14:50:11 | INFO | ML | github_actions=False
2026-07-24 15:01:00 | INFO | ML | === RUN START ===
2026-07-24 15:01:00 | INFO | ML | project=ML
2026-07-24 15:01:00 | INFO | ML | repo_dir=ml-04-regression
2026-07-24 15:01:00 | INFO | ML | python=3.14.2
2026-07-24 15:01:00 | INFO | ML | os=Windows 11
2026-07-24 15:01:00 | INFO | ML | shell=powershell
2026-07-24 15:01:00 | INFO | ML | cwd=.
2026-07-24 15:01:00 | INFO | ML | github_actions=False
